// Jest Snapshot v1, https://goo.gl/fbAQLP

exports[`Author renders correctly 1`] = `
<div>
  <a
    href="/"
  />
  <div>
    <h2>
      <a
        href="/"
      >
        Nathan Ross Powell
      </a>
    </h2>
  </div>
  <p>
    (
    )
  </p>
  <p>
    Pellentesque odio nisi, euismod in, pharetra a, ultricies in, diam. Sed arcu.
  </p>
</div>
`;
